--- Startup times for process: Primary (or UI client) ---

times in msec
 clock   self+sourced   self:  sourced script
 clock   elapsed:              other lines

000.001  000.001: --- NVIM STARTING ---
000.105  000.104: event init
000.428  000.323: early init
000.983  000.555: locale set
001.030  000.047: init first window
001.594  000.564: inits 1
001.603  000.009: window checked
001.605  000.002: parsing arguments
002.292  000.042  000.042: require('vim.shared')
002.381  000.036  000.036: require('vim.inspect')
002.420  000.032  000.032: require('vim._options')
002.422  000.127  000.059: require('vim._editor')
002.424  000.200  000.031: require('vim._init_packages')
002.426  000.621: init lua interpreter
005.416  002.990: nvim_ui_attach
005.730  000.315: nvim_set_client_info
005.732  000.002: --- NVIM STARTED ---

--- Startup times for process: Embedded ---

times in msec
 clock   self+sourced   self:  sourced script
 clock   elapsed:              other lines

000.000  000.000: --- NVIM STARTING ---
000.060  000.060: event init
000.189  000.129: early init
000.546  000.357: locale set
000.579  000.033: init first window
000.942  000.363: inits 1
000.955  000.013: window checked
000.957  000.002: parsing arguments
001.355  000.030  000.030: require('vim.shared')
001.421  000.027  000.027: require('vim.inspect')
001.453  000.026  000.026: require('vim._options')
001.454  000.097  000.044: require('vim._editor')
001.455  000.153  000.026: require('vim._init_packages')
001.457  000.346: init lua interpreter
003.445  001.989: expanding arguments
003.460  000.015: inits 2
003.673  000.213: init highlight
003.674  000.001: waiting for UI
003.829  000.155: done waiting for UI
003.836  000.007: clear screen
003.949  000.011  000.011: require('vim.keymap')
004.758  000.155  000.155: sourcing nvim_exec2()
004.918  001.080  000.915: require('vim._defaults')
004.920  000.004: init default mappings & autocommands
005.615  000.228  000.228: sourcing /opt/homebrew/Cellar/neovim/0.11.7/share/nvim/runtime/ftplugin.vim
005.836  000.155  000.155: sourcing /opt/homebrew/Cellar/neovim/0.11.7/share/nvim/runtime/indent.vim
006.660  000.006  000.006: sourcing nvim_exec2() called at /Users/railey/dotfiles/config_files/.config/nvim/init.lua:0
006.681  000.002  000.002: sourcing nvim_exec2() called at /Users/railey/dotfiles/config_files/.config/nvim/init.lua:0
006.683  000.561  000.554: require('railey.core.options')
007.217  000.533  000.533: require('railey.core.keymaps')
008.143  000.640  000.640: require('lazy')
008.184  000.032  000.032: require('ffi')
008.226  000.027  000.027: require('vim.fs')
008.538  000.310  000.310: require('vim.uri')
008.546  000.361  000.023: require('vim.loader')
008.857  000.290  000.290: require('lazy.stats')
009.225  000.295  000.295: require('lazy.core.util')
009.444  000.218  000.218: require('lazy.core.config')
009.852  000.178  000.178: require('lazy.core.handler')
010.630  000.220  000.220: require('lazy.pkg')
010.633  000.545  000.325: require('lazy.core.meta')
010.638  000.785  000.240: require('lazy.core.plugin')
010.644  001.198  000.235: require('lazy.core.loader')
011.071  000.197  000.197: require('lazy.core.fragments')
012.509  000.301  000.301: require('lazy.core.handler.keys')
012.913  000.200  000.200: require('lazy.core.handler.event')
012.915  000.404  000.203: require('lazy.core.handler.ft')
013.014  000.098  000.098: require('lazy.core.handler.cmd')
013.550  000.129  000.129: sourcing nvim_exec2() called at /opt/homebrew/Cellar/neovim/0.11.7/share/nvim/runtime/filetype.lua:0
013.552  000.189  000.060: sourcing /opt/homebrew/Cellar/neovim/0.11.7/share/nvim/runtime/filetype.lua
013.554  000.237  000.048: sourcing nvim_exec2() called at /Users/railey/dotfiles/config_files/.config/nvim/init.lua:0
013.639  000.001  000.001: sourcing nvim_exec2() called at /Users/railey/dotfiles/config_files/.config/nvim/init.lua:0
013.644  000.001  000.001: sourcing nvim_exec2() called at /Users/railey/dotfiles/config_files/.config/nvim/init.lua:0
015.910  001.422  001.422: sourcing /Users/railey/.local/share/nvim/lazy/onehalf/vim/colors/onehalfdark.vim
015.912  002.229  000.807: sourcing nvim_exec2() called at /Users/railey/dotfiles/config_files/.config/nvim/init.lua:0
016.215  000.019  000.019: sourcing /Users/railey/.local/share/nvim/lazy/vim-airline-themes/plugin/airline-themes.vim
016.216  000.062  000.043: sourcing nvim_exec2() called at /Users/railey/dotfiles/config_files/.config/nvim/init.lua:0
016.220  000.001  000.001: sourcing nvim_exec2() called at /Users/railey/dotfiles/config_files/.config/nvim/init.lua:0
016.225  000.001  000.001: sourcing nvim_exec2() called at /Users/railey/dotfiles/config_files/.config/nvim/init.lua:0
016.621  000.068  000.068: sourcing /Users/railey/.local/share/nvim/lazy/vim-airline/autoload/airline/init.vim
017.066  000.234  000.234: sourcing /Users/railey/.local/share/nvim/lazy/vim-airline/autoload/airline/parts.vim
017.180  000.006  000.006: sourcing /Users/railey/.local/share/nvim/lazy/vim-airline/autoload/airline/formatter/short_path.vim
017.677  000.080  000.080: sourcing /Users/railey/.local/share/nvim/lazy/vim-airline/autoload/airline/util.vim
017.713  001.419  001.031: sourcing /Users/railey/.local/share/nvim/lazy/vim-airline/plugin/airline.vim
017.715  001.459  000.040: sourcing nvim_exec2() called at /Users/railey/dotfiles/config_files/.config/nvim/init.lua:0
017.718  000.001  000.001: sourcing nvim_exec2() called at /Users/railey/dotfiles/config_files/.config/nvim/init.lua:0
017.723  000.001  000.001: sourcing nvim_exec2() called at /Users/railey/dotfiles/config_files/.config/nvim/init.lua:0
018.469  000.141  000.141: require('vim.treesitter.language')
018.604  000.134  000.134: require('vim.func')
018.689  000.082  000.082: require('vim.func._memoize')
018.703  000.492  000.135: require('vim.treesitter.query')
018.774  000.070  000.070: require('vim.treesitter._range')
018.788  000.696  000.134: require('vim.treesitter.languagetree')
018.791  000.940  000.244: require('vim.treesitter')
018.902  001.098  000.158: sourcing /Users/railey/.local/share/nvim/lazy/nvim-treesitter/plugin/filetypes.lua
018.904  001.136  000.038: sourcing nvim_exec2() called at /Users/railey/dotfiles/config_files/.config/nvim/init.lua:0
019.006  000.057  000.057: sourcing /Users/railey/.local/share/nvim/lazy/nvim-treesitter/plugin/nvim-treesitter.lua
019.008  000.097  000.040: sourcing nvim_exec2() called at /Users/railey/dotfiles/config_files/.config/nvim/init.lua:0
019.105  000.058  000.058: sourcing /Users/railey/.local/share/nvim/lazy/nvim-treesitter/plugin/query_predicates.lua
019.106  000.095  000.038: sourcing nvim_exec2() called at /Users/railey/dotfiles/config_files/.config/nvim/init.lua:0
019.123  000.015  000.015: sourcing nvim_exec2() called at /Users/railey/dotfiles/config_files/.config/nvim/init.lua:0
019.129  000.001  000.001: sourcing nvim_exec2() called at /Users/railey/dotfiles/config_files/.config/nvim/init.lua:0
019.381  000.210  000.210: require('nvim-treesitter')
019.484  000.102  000.102: require('nvim-treesitter.config')
020.235  000.625  000.625: require('actually')
020.239  000.644  000.019: sourcing /Users/railey/.local/share/nvim/lazy/actually.nvim/plugin/actually.vim
020.241  000.682  000.038: sourcing nvim_exec2() called at /Users/railey/dotfiles/config_files/.config/nvim/init.lua:0
020.255  000.001  000.001: sourcing nvim_exec2() called at /Users/railey/dotfiles/config_files/.config/nvim/init.lua:0
020.261  000.001  000.001: sourcing nvim_exec2() called at /Users/railey/dotfiles/config_files/.config/nvim/init.lua:0
020.657  000.011  000.011: sourcing /Users/railey/.local/share/nvim/lazy/nvim-web-devicons/plugin/nvim-web-devicons.vim
020.658  000.051  000.040: sourcing nvim_exec2() called at /Users/railey/dotfiles/config_files/.config/nvim/init.lua:0
020.661  000.001  000.001: sourcing nvim_exec2() called at /Users/railey/dotfiles/config_files/.config/nvim/init.lua:0
020.668  000.001  000.001: sourcing nvim_exec2() called at /Users/railey/dotfiles/config_files/.config/nvim/init.lua:0
021.155  000.343  000.343: require('nvim-tree.commands')
021.337  000.595  000.252: sourcing /Users/railey/.local/share/nvim/lazy/nvim-tree.lua/plugin/nvim-tree.lua
021.339  000.632  000.037: sourcing nvim_exec2() called at /Users/railey/dotfiles/config_files/.config/nvim/init.lua:0
021.342  000.001  000.001: sourcing nvim_exec2() called at /Users/railey/dotfiles/config_files/.config/nvim/init.lua:0
021.347  000.001  000.001: sourcing nvim_exec2() called at /Users/railey/dotfiles/config_files/.config/nvim/init.lua:0
021.553  000.060  000.060: require('nvim-tree._meta.api.appearance')
021.612  000.058  000.058: require('nvim-tree._meta.api.commands')
021.672  000.059  000.059: require('nvim-tree._meta.api.config')
021.732  000.059  000.059: require('nvim-tree._meta.api.events')
021.809  000.076  000.076: require('nvim-tree._meta.api.filter')
021.870  000.060  000.060: require('nvim-tree._meta.api.fs')
021.928  000.057  000.057: require('nvim-tree._meta.api.git')
022.003  000.058  000.058: require('nvim-tree._meta.api.map')
022.061  000.058  000.058: require('nvim-tree._meta.api.marks')
022.125  000.062  000.062: require('nvim-tree._meta.api.node')
022.186  000.060  000.060: require('nvim-tree._meta.api.tree')
022.301  000.057  000.057: require('nvim-tree.classic')
022.303  000.117  000.059: require('nvim-tree._meta.api.decorator')
022.362  000.058  000.058: require('nvim-tree._meta.api.deprecated')
022.462  000.099  000.099: require('nvim-tree.api.impl')
022.651  000.086  000.086: require('nvim-tree.renderer.decorator')
023.240  000.002  000.002: require('vim.F')
023.289  000.344  000.342: require('vim.diagnostic')
023.294  000.484  000.140: require('nvim-tree.config')
023.297  000.563  000.079: require('nvim-tree.notify')
023.298  000.646  000.083: require('nvim-tree.legacy')
023.299  001.867  000.193: require('nvim-tree.api')
023.360  000.060  000.060: require('nvim-tree.log')
023.496  000.058  000.058: require('nvim-tree.view-state')
023.554  000.057  000.057: require('nvim-tree.events')
023.643  000.088  000.088: require('nvim-tree.utils')
023.651  000.291  000.088: require('nvim-tree.view')
023.773  000.063  000.063: require('nvim-tree.core')
023.842  000.068  000.068: require('nvim-tree.lib')
024.073  000.078  000.078: require('nvim-tree.git.utils')
024.134  000.060  000.060: require('nvim-tree.renderer.components.devicons')
024.199  000.064  000.064: require('nvim-tree.iterators.node-iterator')
024.267  000.067  000.067: require('nvim-tree.node')
024.272  000.350  000.080: require('nvim-tree.node.directory')
024.273  000.430  000.079: require('nvim-tree.actions.finders.find-file')
024.275  000.623  000.063: require('nvim-tree.actions.tree.find-file')
024.337  000.062  000.062: require('nvim-tree.actions.tree.change-dir')
024.416  000.078  000.078: require('nvim-tree.renderer.components.full-name')
024.424  003.071  000.091: require('nvim-tree')
024.680  000.009  000.009: sourcing nvim_exec2() called at /Users/railey/dotfiles/config_files/.config/nvim/init.lua:0
024.683  000.002  000.002: sourcing nvim_exec2() called at /Users/railey/dotfiles/config_files/.config/nvim/init.lua:0
024.786  000.101  000.101: require('nvim-tree.appearance')
025.132  000.067  000.067: require('nvim-tree.renderer.components.padding')
025.134  000.137  000.070: require('nvim-tree.renderer.components')
025.357  000.146  000.146: require('nvim-web-devicons.filetypes')
025.697  000.179  000.179: require('nvim-web-devicons.default.icons_by_filename')
025.886  000.188  000.188: require('nvim-web-devicons.default.icons_by_file_extension')
025.959  000.072  000.072: require('nvim-web-devicons.default.icons_by_operating_system')
026.017  000.057  000.057: require('nvim-web-devicons.default.icons_by_desktop_environment')
026.077  000.059  000.059: require('nvim-web-devicons.default.icons_by_window_manager')
026.078  000.652  000.096: require('nvim-web-devicons.icons-default')
026.210  001.075  000.278: require('nvim-web-devicons')
027.690  000.001  000.001: sourcing nvim_exec2() called at /Users/railey/dotfiles/config_files/.config/nvim/init.lua:0
027.694  000.001  000.001: sourcing nvim_exec2() called at /Users/railey/dotfiles/config_files/.config/nvim/init.lua:0
027.813  000.001  000.001: sourcing nvim_exec2() called at /Users/railey/dotfiles/config_files/.config/nvim/init.lua:0
027.823  000.001  000.001: sourcing nvim_exec2() called at /Users/railey/dotfiles/config_files/.config/nvim/init.lua:0
028.134  000.087  000.087: require('vim.lsp.log')
028.434  000.299  000.299: require('vim.lsp.protocol')
028.666  000.231  000.231: require('vim.lsp.util')
028.856  000.092  000.092: require('vim.lsp.sync')
028.864  000.197  000.105: require('vim.lsp._changetracking')
029.027  000.084  000.084: require('vim.lsp._transport')
029.037  000.172  000.088: require('vim.lsp.rpc')
029.085  001.141  000.156: require('vim.lsp')
029.504  000.418  000.418: require('lspconfig.util')
029.515  001.620  000.061: sourcing /Users/railey/.local/share/nvim/lazy/nvim-lspconfig/plugin/lspconfig.lua
029.516  001.659  000.039: sourcing nvim_exec2() called at /Users/railey/dotfiles/config_files/.config/nvim/init.lua:0
029.520  000.001  000.001: sourcing nvim_exec2() called at /Users/railey/dotfiles/config_files/.config/nvim/init.lua:0
029.526  000.001  000.001: sourcing nvim_exec2() called at /Users/railey/dotfiles/config_files/.config/nvim/init.lua:0
029.707  000.057  000.057: require('mason-core.path')
029.989  000.078  000.078: require('mason-core.functional.data')
030.083  000.092  000.092: require('mason-core.functional.function')
030.209  000.121  000.121: require('mason-core.functional.list')
030.310  000.093  000.093: require('mason-core.functional.relation')
030.414  000.103  000.103: require('mason-core.functional.logic')
030.513  000.098  000.098: require('mason-core.functional.number')
030.604  000.076  000.076: require('mason-core.functional.string')
030.681  000.075  000.075: require('mason-core.functional.table')
030.738  000.055  000.055: require('mason-core.functional.type')
030.740  000.967  000.177: require('mason-core.functional')
030.756  001.048  000.081: require('mason-core.platform')
030.819  000.063  000.063: require('mason.settings')
030.821  001.231  000.063: require('mason-core.installer.InstallLocation')
030.997  000.068  000.068: require('mason-core.log')
030.998  000.121  000.053: require('mason-core.EventEmitter')
031.060  000.061  000.061: require('mason-registry.sources')
031.063  000.242  000.060: require('mason-registry')
031.064  001.535  000.062: require('mason')
031.145  000.070  000.070: require('mason.api.command')
031.304  000.001  000.001: sourcing nvim_exec2() called at /Users/railey/dotfiles/config_files/.config/nvim/init.lua:0
031.307  000.001  000.001: sourcing nvim_exec2() called at /Users/railey/dotfiles/config_files/.config/nvim/init.lua:0
031.529  000.183  000.183: require('cmp_nvim_lsp.source')
031.531  000.384  000.200: require('cmp_nvim_lsp')
031.639  000.051  000.051: require('mason-lspconfig.settings')
031.640  000.108  000.057: require('mason-lspconfig')
031.705  000.060  000.060: require('mason-core.async')
031.814  000.055  000.055: require('mason-core.async.control')
031.870  000.055  000.055: require('mason-core.result')
031.999  000.048  000.048: require('mason-core.async.uv')
032.003  000.132  000.083: require('mason-core.fs')
032.008  000.302  000.060: require('mason-registry.installer')
032.299  000.077  000.077: require('mason-core.process')
032.356  000.056  000.056: require('mason-core.spawn')
032.357  000.187  000.054: require('mason-core.installer.managers.powershell')
032.406  000.049  000.049: require('mason.version')
032.408  000.292  000.056: require('mason-core.fetch')
032.458  000.049  000.049: require('mason-core.providers')
032.565  000.056  000.056: require('mason-core.optional')
032.747  000.070  000.070: require('mason-core.purl')
032.751  000.129  000.059: require('mason-core.package.AbstractPackage')
033.000  000.075  000.075: require('mason-core.installer.compiler.expr')
033.004  000.138  000.064: require('mason-core.installer.compiler.link')
033.281  000.051  000.051: require('mason-core.installer.context.InstallContextCwd')
033.342  000.060  000.060: require('mason-core.installer.context.InstallContextFs')
033.397  000.054  000.054: require('mason-core.installer.context.InstallContextSpawn')
033.456  000.058  000.058: require('mason-core.receipt')
033.466  000.300  000.076: require('mason-core.installer.context')
033.467  000.351  000.052: require('mason-core.installer')
033.472  000.416  000.064: require('mason-core.installer.managers.std')
033.473  000.469  000.053: require('mason-core.installer.compiler.schemas')
033.527  000.053  000.053: require('mason-core.installer.compiler.util')
033.532  000.724  000.064: require('mason-core.installer.compiler')
033.592  000.059  000.059: require('mason-core.installer.linker')
033.594  000.842  000.059: require('mason-core.installer.InstallRunner')
033.648  000.053  000.053: require('mason-core.installer.UninstallRunner')
033.650  001.085  000.061: require('mason-core.package')
033.666  001.207  000.067: require('mason-registry.sources.util')
033.670  001.610  000.062: require('mason-registry.sources.github')
033.870  000.057  000.057: require('mason-registry.sources.synthesized')
036.011  000.075  000.075: require('mason-lspconfig.mappings')
036.013  000.134  000.059: require('mason-lspconfig.features.automatic_enable')
040.566  000.055  000.055: require('mason-lspconfig.notify')
040.573  000.162  000.107: require('mason-lspconfig.api.command')
040.593  000.001  000.001: sourcing nvim_exec2() called at /Users/railey/dotfiles/config_files/.config/nvim/init.lua:0
040.597  000.000  000.000: sourcing nvim_exec2() called at /Users/railey/dotfiles/config_files/.config/nvim/init.lua:0
041.201  000.052  000.052: require('notify.util.queue')
041.202  000.138  000.086: require('notify.util')
041.289  000.014  000.014: sourcing nvim_exec2() called at /Users/railey/dotfiles/config_files/.config/nvim/init.lua:0
041.295  000.004  000.004: sourcing nvim_exec2() called at /Users/railey/dotfiles/config_files/.config/nvim/init.lua:0
041.296  000.093  000.074: require('notify.config.highlights')
041.297  000.299  000.068: require('notify.config')
041.468  000.088  000.088: require('notify.stages')
041.560  000.092  000.092: require('notify.service.notification')
041.799  000.048  000.048: require('notify.animate.spring')
041.800  000.114  000.066: require('notify.animate')
041.802  000.240  000.126: require('notify.windows')
041.998  000.089  000.089: require('notify.service.buffer.highlights')
042.000  000.146  000.057: require('notify.service.buffer')
042.001  000.199  000.053: require('notify.service')
042.073  000.071  000.071: require('notify.stages.util')
042.074  000.776  000.086: require('notify.instance')
042.076  001.477  000.402: require('notify')
042.213  000.086  000.086: require('notify.stages.fade_in_slide_out')
042.220  000.002  000.002: sourcing nvim_exec2() called at /Users/railey/dotfiles/config_files/.config/nvim/init.lua:0
042.222  000.001  000.001: sourcing nvim_exec2() called at /Users/railey/dotfiles/config_files/.config/nvim/init.lua:0
042.639  000.261  000.261: require('snacks')
042.639  000.307  000.047: sourcing /Users/railey/.local/share/nvim/lazy/snacks.nvim/plugin/snacks.lua
042.641  000.343  000.035: sourcing nvim_exec2() called at /Users/railey/dotfiles/config_files/.config/nvim/init.lua:0
042.643  000.001  000.001: sourcing nvim_exec2() called at /Users/railey/dotfiles/config_files/.config/nvim/init.lua:0
042.647  000.000  000.000: sourcing nvim_exec2() called at /Users/railey/dotfiles/config_files/.config/nvim/init.lua:0
043.548  000.637  000.637: require('vim.filetype')
043.957  000.048  000.048: require('luasnip.util.types')
043.958  000.102  000.053: require('luasnip.util.ext_opts')
044.125  000.047  000.047: require('luasnip.util.lazy_table')
044.176  000.050  000.050: require('luasnip.extras.filetype_functions')
044.180  000.161  000.063: require('luasnip.default_config')
044.181  000.223  000.062: require('luasnip.session')
044.183  000.505  000.180: require('luasnip.config')
044.191  001.316  000.174: sourcing /Users/railey/.local/share/nvim/lazy/LuaSnip/plugin/luasnip.lua
044.192  001.351  000.035: sourcing nvim_exec2() called at /Users/railey/dotfiles/config_files/.config/nvim/init.lua:0
044.240  000.014  000.014: sourcing /Users/railey/.local/share/nvim/lazy/LuaSnip/plugin/luasnip.vim
044.242  000.047  000.033: sourcing nvim_exec2() called at /Users/railey/dotfiles/config_files/.config/nvim/init.lua:0
044.244  000.001  000.001: sourcing nvim_exec2() called at /Users/railey/dotfiles/config_files/.config/nvim/init.lua:0
044.248  000.001  000.001: sourcing nvim_exec2() called at /Users/railey/dotfiles/config_files/.config/nvim/init.lua:0
044.277  000.001  000.001: sourcing nvim_exec2() called at /Users/railey/dotfiles/config_files/.config/nvim/init.lua:0
044.299  000.000  000.000: sourcing nvim_exec2() called at /Users/railey/dotfiles/config_files/.config/nvim/init.lua:0
044.496  000.102  000.102: require('cmp.utils.api')
044.626  000.051  000.051: require('cmp.types.cmp')
044.730  000.052  000.052: require('cmp.utils.misc')
044.747  000.121  000.069: require('cmp.types.lsp')
044.797  000.049  000.049: require('cmp.types.vim')
044.798  000.301  000.081: require('cmp.types')
044.846  000.047  000.047: require('cmp.utils.highlight')
044.940  000.046  000.046: require('cmp.utils.debug')
044.943  000.096  000.050: require('cmp.utils.autocmd')
045.122  000.003  000.003: sourcing nvim_exec2() called at /Users/railey/.local/share/nvim/lazy/nvim-cmp/plugin/cmp.lua:0
045.123  000.769  000.219: sourcing /Users/railey/.local/share/nvim/lazy/nvim-cmp/plugin/cmp.lua
045.125  000.801  000.032: sourcing nvim_exec2() called at /Users/railey/dotfiles/config_files/.config/nvim/init.lua:0
045.127  000.000  000.000: sourcing nvim_exec2() called at /Users/railey/dotfiles/config_files/.config/nvim/init.lua:0
045.131  000.000  000.000: sourcing nvim_exec2() called at /Users/railey/dotfiles/config_files/.config/nvim/init.lua:0
045.420  000.077  000.077: require('cmp.utils.char')
045.422  000.148  000.072: require('cmp.utils.str')
045.604  000.048  000.048: require('cmp.utils.buffer')
045.607  000.117  000.069: require('cmp.utils.keymap')
045.608  000.185  000.068: require('cmp.utils.feedkeys')
045.767  000.053  000.053: require('cmp.config.mapping')
045.818  000.050  000.050: require('cmp.utils.cache')
045.924  000.053  000.053: require('cmp.config.compare')
045.973  000.048  000.048: require('cmp.config.window')
045.974  000.155  000.054: require('cmp.config.default')
045.982  000.320  000.062: require('cmp.config')
045.987  000.378  000.058: require('cmp.utils.async')
046.085  000.049  000.049: require('cmp.utils.pattern')
046.086  000.099  000.050: require('cmp.context')
046.292  000.090  000.090: require('cmp.utils.snippet')
046.346  000.053  000.053: require('cmp.matcher')
046.592  000.450  000.307: require('cmp.entry')
046.595  000.508  000.059: require('cmp.source')
046.695  000.046  000.046: require('cmp.utils.event')
046.841  000.044  000.044: require('cmp.utils.options')
046.843  000.098  000.054: require('cmp.utils.window')
046.844  000.149  000.051: require('cmp.view.docs_view')
046.906  000.061  000.061: require('cmp.view.custom_entries_view')
046.961  000.054  000.054: require('cmp.view.wildmenu_entries_view')
047.013  000.052  000.052: require('cmp.view.native_entries_view')
047.073  000.059  000.059: require('cmp.view.ghost_text_view')
047.076  000.481  000.060: require('cmp.view')
047.409  002.216  000.417: require('cmp.core')
047.497  000.051  000.051: require('cmp.config.sources')
047.514  002.382  000.115: require('cmp')
047.868  000.001  000.001: sourcing nvim_exec2() called at /Users/railey/dotfiles/config_files/.config/nvim/init.lua:0
047.872  000.000  000.000: sourcing nvim_exec2() called at /Users/railey/dotfiles/config_files/.config/nvim/init.lua:0
048.121  000.245  000.245: require('mini.pairs')
048.917  000.034  000.034: sourcing /opt/homebrew/Cellar/neovim/0.11.7/share/nvim/runtime/plugin/editorconfig.lua
048.918  000.071  000.036: sourcing nvim_exec2() called at /Users/railey/dotfiles/config_files/.config/nvim/init.lua:0
049.014  000.064  000.064: sourcing /opt/homebrew/Cellar/neovim/0.11.7/share/nvim/runtime/plugin/gzip.vim
049.016  000.096  000.032: sourcing nvim_exec2() called at /Users/railey/dotfiles/config_files/.config/nvim/init.lua:0
049.080  000.033  000.033: sourcing /opt/homebrew/Cellar/neovim/0.11.7/share/nvim/runtime/plugin/man.lua
049.081  000.063  000.030: sourcing nvim_exec2() called at /Users/railey/dotfiles/config_files/.config/nvim/init.lua:0
049.520  000.076  000.076: sourcing /opt/homebrew/Cellar/neovim/0.11.7/share/nvim/runtime/pack/dist/opt/matchit/plugin/matchit.vim
049.527  000.408  000.332: sourcing /opt/homebrew/Cellar/neovim/0.11.7/share/nvim/runtime/plugin/matchit.vim
049.528  000.445  000.037: sourcing nvim_exec2() called at /Users/railey/dotfiles/config_files/.config/nvim/init.lua:0
049.625  000.063  000.063: sourcing /opt/homebrew/Cellar/neovim/0.11.7/share/nvim/runtime/plugin/matchparen.vim
049.626  000.096  000.033: sourcing nvim_exec2() called at /Users/railey/dotfiles/config_files/.config/nvim/init.lua:0
049.679  000.004  000.004: sourcing /opt/homebrew/Cellar/neovim/0.11.7/share/nvim/runtime/plugin/netrwPlugin.vim
049.681  000.035  000.031: sourcing nvim_exec2() called at /Users/railey/dotfiles/config_files/.config/nvim/init.lua:0
049.742  000.031  000.031: sourcing /opt/homebrew/Cellar/neovim/0.11.7/share/nvim/runtime/plugin/osc52.lua
049.743  000.060  000.030: sourcing nvim_exec2() called at /Users/railey/dotfiles/config_files/.config/nvim/init.lua:0
049.849  000.075  000.075: sourcing /opt/homebrew/Cellar/neovim/0.11.7/share/nvim/runtime/plugin/rplugin.vim
049.850  000.106  000.031: sourcing nvim_exec2() called at /Users/railey/dotfiles/config_files/.config/nvim/init.lua:0
049.905  000.023  000.023: sourcing /opt/homebrew/Cellar/neovim/0.11.7/share/nvim/runtime/plugin/shada.vim
049.906  000.054  000.032: sourcing nvim_exec2() called at /Users/railey/dotfiles/config_files/.config/nvim/init.lua:0
049.946  000.007  000.007: sourcing /opt/homebrew/Cellar/neovim/0.11.7/share/nvim/runtime/plugin/spellfile.vim
049.948  000.039  000.033: sourcing nvim_exec2() called at /Users/railey/dotfiles/config_files/.config/nvim/init.lua:0
050.013  000.033  000.033: sourcing /opt/homebrew/Cellar/neovim/0.11.7/share/nvim/runtime/plugin/tarPlugin.vim
050.014  000.065  000.031: sourcing nvim_exec2() called at /Users/railey/dotfiles/config_files/.config/nvim/init.lua:0
050.073  000.028  000.028: sourcing /opt/homebrew/Cellar/neovim/0.11.7/share/nvim/runtime/plugin/tohtml.lua
050.074  000.059  000.032: sourcing nvim_exec2() called at /Users/railey/dotfiles/config_files/.config/nvim/init.lua:0
050.115  000.007  000.007: sourcing /opt/homebrew/Cellar/neovim/0.11.7/share/nvim/runtime/plugin/tutor.vim
050.116  000.040  000.033: sourcing nvim_exec2() called at /Users/railey/dotfiles/config_files/.config/nvim/init.lua:0
050.213  000.059  000.059: sourcing /opt/homebrew/Cellar/neovim/0.11.7/share/nvim/runtime/plugin/zipPlugin.vim
050.215  000.091  000.032: sourcing nvim_exec2() called at /Users/railey/dotfiles/config_files/.config/nvim/init.lua:0
050.415  000.061  000.061: require('cmp_luasnip')
050.431  000.107  000.046: sourcing /Users/railey/.local/share/nvim/lazy/cmp_luasnip/after/plugin/cmp_luasnip.lua
050.432  000.140  000.032: sourcing nvim_exec2() called at /Users/railey/dotfiles/config_files/.config/nvim/init.lua:0
050.518  000.030  000.030: sourcing /Users/railey/.local/share/nvim/lazy/cmp-nvim-lsp/after/plugin/cmp_nvim_lsp.lua
050.519  000.062  000.032: sourcing nvim_exec2() called at /Users/railey/dotfiles/config_files/.config/nvim/init.lua:0
050.554  043.335  013.540: require('railey.lazy')
050.554  044.594  000.165: sourcing /Users/railey/.config/nvim/init.lua
050.558  000.661: sourcing vimrc file(s)
050.787  000.022  000.022: sourcing /opt/homebrew/Cellar/neovim/0.11.7/share/nvim/runtime/filetype.lua
050.969  000.058  000.058: sourcing /Users/railey/.local/share/nvim/lazy/vim-airline/autoload/airline/extensions/tabline/buffers.vim
051.083  000.024  000.024: sourcing /opt/homebrew/Cellar/neovim/0.11.7/share/nvim/runtime/syntax/synload.vim
051.112  000.124  000.100: sourcing /opt/homebrew/Cellar/neovim/0.11.7/share/nvim/runtime/syntax/syntax.vim
051.118  000.355: inits 3
051.840  000.722: reading ShaDa
052.055  000.115  000.115: sourcing /Users/railey/.local/share/nvim/lazy/vim-airline/autoload/airline/extensions.vim
052.149  000.017  000.017: sourcing /Users/railey/.local/share/nvim/lazy/vim-airline/autoload/airline/extensions/quickfix.vim
052.272  000.063  000.063: sourcing /Users/railey/.local/share/nvim/lazy/vim-airline/autoload/airline.vim
052.414  000.040  000.040: sourcing /Users/railey/.local/share/nvim/lazy/vim-airline/autoload/airline/extensions/term.vim
052.594  000.021  000.021: sourcing /Users/railey/.local/share/nvim/lazy/vim-airline/autoload/airline/extensions/nvimlsp.vim
052.746  000.064  000.064: sourcing /Users/railey/.local/share/nvim/lazy/vim-airline/autoload/airline/extensions/whitespace.vim
052.863  000.023  000.023: sourcing /Users/railey/.local/share/nvim/lazy/vim-airline/autoload/airline/extensions/po.vim
052.972  000.032  000.032: sourcing /Users/railey/.local/share/nvim/lazy/vim-airline/autoload/airline/extensions/wordcount.vim
053.080  000.012  000.012: sourcing /Users/railey/.local/share/nvim/lazy/vim-airline/autoload/airline/extensions/xkblayout.vim
053.163  000.009  000.009: sourcing /Users/railey/.local/share/nvim/lazy/vim-airline/autoload/airline/extensions/keymap.vim
053.305  000.014  000.014: sourcing /Users/railey/.local/share/nvim/lazy/vim-airline/autoload/airline/extensions/searchcount.vim
054.828  000.020  000.020: sourcing /Users/railey/.local/share/nvim/lazy/vim-airline/autoload/airline/section.vim
054.995  000.077  000.077: sourcing /Users/railey/.local/share/nvim/lazy/vim-airline/autoload/airline/highlighter.vim
056.008  000.019  000.019: sourcing /Users/railey/.local/share/nvim/lazy/vim-airline/autoload/airline/themes.vim
056.107  000.193  000.174: sourcing /Users/railey/.local/share/nvim/lazy/onehalf/vim/autoload/airline/themes/onehalfdark.vim
058.238  000.120  000.120: sourcing /Users/railey/.local/share/nvim/lazy/onehalf/vim/autoload/airline/themes/onehalfdark.vim
063.196  000.052  000.052: sourcing /Users/railey/.local/share/nvim/lazy/vim-airline/autoload/airline/builder.vim
063.367  000.025  000.025: sourcing /Users/railey/.local/share/nvim/lazy/vim-airline/autoload/airline/extensions/default.vim
069.888  000.054  000.054: require('vim.version')
070.332  000.545  000.492: require('luasnip.util.vimversion')
070.334  000.609  000.063: require('luasnip.util.util')
070.395  000.061  000.061: require('luasnip.util.path')
070.541  000.045  000.045: require('luasnip.session.snippet_collection.source')
070.584  000.042  000.042: require('luasnip.util.table')
070.636  000.052  000.052: require('luasnip.util.auto_table')
070.638  000.193  000.054: require('luasnip.session.snippet_collection')
070.714  000.076  000.076: require('luasnip.util.log')
070.716  000.321  000.052: require('luasnip.loaders.util')
070.772  000.056  000.056: require('luasnip.loaders.data')
070.850  000.077  000.077: require('luasnip.loaders.fs_watchers')
070.853  001.198  000.075: require('luasnip.loaders')
070.976  000.066  000.066: require('luasnip.util.directed_graph')
071.030  000.053  000.053: require('luasnip.session.enqueueable_operations')
071.034  000.176  000.057: require('luasnip.loaders.from_lua')
071.570  000.073  000.073: require('luasnip.util.str')
071.616  000.046  000.046: require('luasnip.nodes.key_indexer')
071.683  000.066  000.066: require('luasnip.util.feedkeys')
071.754  000.071  000.071: require('luasnip.nodes.util.snippet_string')
071.757  000.369  000.113: require('luasnip.nodes.util')
071.804  000.046  000.046: require('luasnip.util.events')
071.849  000.044  000.044: require('luasnip.nodes.optional_arg')
071.855  000.560  000.101: require('luasnip.nodes.node')
072.018  000.051  000.051: require('luasnip.util.extend_decorator')
072.024  000.168  000.117: require('luasnip.nodes.insertNode')
072.076  000.052  000.052: require('luasnip.nodes.textNode')
072.132  000.055  000.055: require('luasnip.util.mark')
072.293  000.057  000.057: require('luasnip.util.select')
072.338  000.044  000.044: require('luasnip.util.time')
072.638  000.457  000.355: require('luasnip.util._builtin_vars')
072.664  000.532  000.075: require('luasnip.util.environ')
072.717  000.051  000.051: require('luasnip.util.pattern_tokenizer')
072.764  000.047  000.047: require('luasnip.util.dict')
073.135  000.321  000.321: require('luasnip.util.jsregexp')
073.137  000.372  000.051: require('luasnip.nodes.util.trig_engines')
073.194  001.985  000.149: require('luasnip.nodes.snippet')
073.196  002.041  000.056: require('luasnip.nodes.duplicate')
073.197  002.097  000.056: require('luasnip.loaders.snippet_cache')
073.201  002.165  000.068: require('luasnip.loaders.from_snipmate')
073.519  000.062  000.062: require('luasnip.util.parser.neovim_ast')
073.809  000.288  000.288: require('luasnip.util.jsregexp')
073.811  000.416  000.065: require('luasnip.util.parser.ast_utils')
073.875  000.063  000.063: require('luasnip.nodes.functionNode')
073.994  000.104  000.104: require('luasnip.nodes.choiceNode')
074.075  000.081  000.081: require('luasnip.nodes.dynamicNode')
074.120  000.044  000.044: require('luasnip.util.functions')
074.122  000.783  000.075: require('luasnip.util.parser.ast_parser')
074.222  000.099  000.099: require('luasnip.util.parser.neovim_parser')
074.225  000.952  000.070: require('luasnip.util.parser')
074.276  000.050  000.050: require('luasnip.nodes.snippetProxy')
074.370  000.092  000.092: require('luasnip.util.jsonc')
074.374  001.172  000.077: require('luasnip.loaders.from_vscode')
074.409  016.961: opening buffers
074.710  000.186  000.186: require('gitsigns')
074.877  000.151  000.151: require('gitsigns.highlight')
074.959  000.078  000.078: require('gitsigns.debug.log')
075.061  000.102  000.102: require('gitsigns.config')
075.316  000.055  000.055: require('gitsigns.debounce')
075.321  000.826  000.254: sourcing /Users/railey/.local/share/nvim/lazy/gitsigns.nvim/plugin/gitsigns.lua
075.323  000.859  000.033: sourcing nvim_exec2() called at BufEnter Autocommands for "*":0
075.327  000.001  000.001: sourcing nvim_exec2() called at BufEnter Autocommands for "*":0
075.331  000.000  000.000: sourcing nvim_exec2() called at BufEnter Autocommands for "*":0
075.565  000.084  000.084: sourcing /Users/railey/.local/share/nvim/lazy/undotree/plugin/undotree.vim
075.567  000.115  000.031: sourcing nvim_exec2() called at BufEnter Autocommands for "*":0
075.569  000.001  000.001: sourcing nvim_exec2() called at BufEnter Autocommands for "*":0
075.589  000.000  000.000: sourcing nvim_exec2() called at BufEnter Autocommands for "*":0
075.870  000.043  000.043: sourcing /Users/railey/.local/share/nvim/lazy/vim-commentary/plugin/commentary.vim
075.871  000.072  000.029: sourcing nvim_exec2() called at BufEnter Autocommands for "*":0
075.873  000.001  000.001: sourcing nvim_exec2() called at BufEnter Autocommands for "*":0
075.877  000.000  000.000: sourcing nvim_exec2() called at BufEnter Autocommands for "*":0
076.113  000.053  000.053: sourcing /Users/railey/.local/share/nvim/lazy/SingleCompile/plugin/SingleCompile.vim
076.114  000.081  000.029: sourcing nvim_exec2() called at BufEnter Autocommands for "*":0
076.116  000.000  000.000: sourcing nvim_exec2() called at BufEnter Autocommands for "*":0
076.119  000.000  000.000: sourcing nvim_exec2() called at BufEnter Autocommands for "*":0
076.524  000.053  000.053: sourcing /Users/railey/.local/share/nvim/lazy/vim-visual-multi/autoload/vm/plugs.vim
076.696  000.067  000.067: sourcing /Users/railey/.local/share/nvim/lazy/vim-visual-multi/autoload/vm/maps.vim
076.781  000.038  000.038: sourcing /Users/railey/.local/share/nvim/lazy/vim-visual-multi/autoload/vm/maps/all.vim
077.102  000.805  000.647: sourcing /Users/railey/.local/share/nvim/lazy/vim-visual-multi/plugin/visual-multi.vim
077.103  000.837  000.032: sourcing nvim_exec2() called at BufEnter Autocommands for "*":0
077.105  000.000  000.000: sourcing nvim_exec2() called at BufEnter Autocommands for "*":0
077.108  000.000  000.000: sourcing nvim_exec2() called at BufEnter Autocommands for "*":0
077.127  000.749: BufEnter autocommands
077.128  000.001: editing files in windows
077.367  000.008  000.008: sourcing /Users/railey/.local/share/nvim/lazy/plenary.nvim/plugin/plenary.vim
077.368  000.038  000.030: sourcing nvim_exec2() called at VimEnter Autocommands for "*":0
077.370  000.000  000.000: sourcing nvim_exec2() called at VimEnter Autocommands for "*":0
077.373  000.000  000.000: sourcing nvim_exec2() called at VimEnter Autocommands for "*":0
077.518  000.093  000.093: sourcing /Users/railey/.local/share/nvim/lazy/telescope.nvim/plugin/telescope.lua
077.519  000.123  000.030: sourcing nvim_exec2() called at VimEnter Autocommands for "*":0
077.521  000.000  000.000: sourcing nvim_exec2() called at VimEnter Autocommands for "*":0
077.524  000.000  000.000: sourcing nvim_exec2() called at VimEnter Autocommands for "*":0
078.183  000.139  000.139: require('telescope._extensions')
078.186  000.660  000.520: require('telescope')
079.023  000.264  000.264: require('plenary.bit')
079.172  000.148  000.148: require('plenary.functional')
079.191  000.607  000.195: require('plenary.path')
079.197  000.859  000.252: require('plenary.strings')
079.621  000.137  000.137: require('plenary.log')
079.656  000.282  000.146: require('telescope.log')
079.900  000.046  000.046: require('plenary.compat')
079.904  000.129  000.083: require('plenary.job')
079.949  000.044  000.044: require('telescope.state')
080.034  000.080  000.080: require('vim.hl')
080.038  000.382  000.129: require('telescope.utils')
080.041  000.843  000.178: require('telescope.sorters')
080.625  002.438  000.736: require('telescope.config')
081.082  000.099  000.099: require('telescope.builtin')
081.620  000.068  000.068: require('lib.log')
081.694  000.073  000.073: require('deps.msgpack')
081.786  000.091  000.091: require('deps.serpent')
081.835  000.049  000.049: require('presence.file_explorers')
081.908  000.072  000.072: require('presence.file_assets')
081.956  000.047  000.047: require('presence.plugin_managers')
082.053  000.052  000.052: require('deps.struct')
082.054  000.098  000.046: require('presence.discord')
082.057  000.809  000.310: require('presence')
082.307  000.009  000.009: sourcing /Users/railey/.local/share/nvim/lazy/presence.nvim/autoload/presence.vim
082.616  001.378  000.560: sourcing /Users/railey/.local/share/nvim/lazy/presence.nvim/plugin/presence.vim
082.618  001.411  000.033: sourcing nvim_exec2() called at VimEnter Autocommands for "*":0
082.622  000.001  000.001: sourcing nvim_exec2() called at VimEnter Autocommands for "*":0
082.627  000.001  000.001: sourcing nvim_exec2() called at VimEnter Autocommands for "*":0
083.028  001.128: VimEnter autocommands
083.304  000.116  000.116: require('snacks.util')
083.500  000.071  000.071: require('vim.ui')
083.502  000.439  000.253: require('snacks.input')
083.674  000.061  000.061: require('vim.termcap')
083.684  000.006  000.006: require('vim.text')
083.698  000.164: UIEnter autocommands
083.699  000.001: before starting main loop
084.535  000.836: first screen update
084.536  000.001: --- NVIM STARTED ---

